 1784479252.448285 100 08  ... 06 00 00 00 B3 01 F0 00 
 1784479252.458285 101 08  ... 00 00 00 00 00 00 00 00 
 1784479252.468276 102 08  ... 02 9A 01 00 00 80 03 00 
 1784479252.478295 200 08  ... FF 00 00 00 FA 00 1A FF 
 1784479252.488308 110 08  ... 03 00 00 00 00 00 00 00 
 1784479252.498316 201 08  ... 02 00 00 00 00 00 00 00 
 1784479252.508334 700 08  ... 01 02 00 00 06 00 00 00 
 1784479252.517322 202 08  ... 01 01 01 00 00 00 00 00 
 1784479252.547331 100 08  ... 06 00 00 00 B3 01 F0 00 
 1784479252.558375 101 08  ... 00 00 00 00 00 00 00 00 
 1784479252.569321 102 08  ... 02 9A 01 00 00 80 03 00 
 1784479252.577339 200 08  ... FF 00 00 00 FA 00 1A FF 
 1784479252.587353 110 08  ... 03 00 00 00 00 00 00 00 
 1784479252.597367 201 08  ... 02 00 00 00 00 00 00 00 
 1784479252.607381 700 08  ... 01 02 00 00 06 00 00 00 
 1784479252.617393 202 08  ... 01 01 01 00 00 00 00 00 
 1784479252.647404 100 08  ... 06 00 00 00 B3 01 F0 00 
 1784479252.657428 101 08  ... 00 00 00 00 00 00 00 00 
 1784479252.667457 102 08  ... 02 9A 01 00 00 80 03 00 
 1784479252.677476 200 08  ... FF 00 00 00 FA 00 1A FF 
 1784479252.687486 110 08  ... 03 00 00 00 00 00 00 00 
 1784479252.697499 201 08  ... 02 00 00 00 00 00 00 00 
 1784479252.707535 700 08  ... 01 02 00 00 06 00 00 00 
 1784479252.717528 202 08  ... 01 01 01 00 00 00 00 00 
 1784479252.747550 100 08  ... 06 00 00 00 B3 01 F0 00 
 1784479252.757560 101 08  ... 00 00 00 00 00 00 00 00 
 1784479252.767565 102 08  ... 02 9A 01 00 00 80 03 00 
 1784479252.777575 200 08  ... FF 00 00 00 FA 00 1A FF 
 1784479252.787594 110 08  ... 03 00 00 00 00 00 00 00 
 1784479252.797604 201 08  ... 02 00 00 00 00 00 00 00 
 1784479252.807622 700 08  ... 01 02 00 00 06 00 00 00 
 1784479252.817631 202 08  ... 01 01 01 00 00 00 00 00 
 1784479252.847638 100 08  ... 06 00 00 00 B3 01 F0 00 
 1784479252.857663 101 08  ... 00 00 00 00 00 00 00 00 
 1784479252.867658 102 08  ... 02 9A 01 00 00 80 03 00 
 1784479252.877678 200 08  ... FF 00 00 00 FA 00 1A FF 
 1784479252.887691 110 08  ... 03 00 00 00 00 00 00 00 
 1784479252.897706 201 08  ... 02 00 00 00 00 00 00 00 
 1784479252.907720 700 08  ... 01 02 00 00 06 00 00 00 
 1784479252.917731 202 08  ... 01 01 01 00 00 00 00 00 
 1784479252.947739 100 08  ... 06 00 00 00 B3 01 F0 00 
 1784479252.957764 101 08  ... 00 00 00 00 00 00 00 00 
 1784479252.967761 102 08  ... 02 9A 01 00 00 80 03 00 
 1784479252.977779 200 08  ... FF 00 00 00 FA 00 1A FF 
 1784479252.987794 110 08  ... 03 00 00 00 00 00 00 00 
 1784479252.997807 201 08  ... 02 00 00 00 00 00 00 00 
 1784479253.007825 700 08  ... 01 02 00 00 06 00 00 00 
 1784479253.017834 202 08  ... 01 01 01 00 00 00 00 00 
 1784479253.047840 100 08  ... 06 00 00 00 B3 01 F0 00 
 1784479253.057866 101 08  ... 00 00 00 00 00 00 00 00 
 1784479253.067866 102 08  ... 02 9A 01 00 00 80 03 00 
 1784479253.077882 200 08  ... FF 00 00 00 FA 00 1A FF 
 1784479253.087896 110 08  ... 03 00 00 00 00 00 00 00 
 1784479253.097909 201 08  ... 02 00 00 00 00 00 00 00 
 1784479253.107923 700 08  ... 01 02 00 00 06 00 00 00 
 1784479253.117937 202 08  ... 01 01 01 00 00 00 00 00 
 1784479253.147942 100 08  ... 06 00 00 00 B3 01 F0 00 
 1784479253.157971 101 08  ... 00 00 00 00 00 00 00 00 
 1784479253.167990 102 08  ... 02 9A 01 00 00 80 03 00 
 1784479253.178013 200 08  ... FF 00 00 00 FA 00 1A FF 
 1784479253.188028 110 08  ... 03 00 00 00 00 00 00 00 
 1784479253.198038 201 08  ... 02 00 00 00 00 00 00 00 
 1784479253.208050 700 08  ... 01 02 00 00 06 00 00 00 
 1784479253.218059 202 08  ... 01 01 01 00 00 00 00 00 
 1784479253.248069 100 08  ... 06 00 00 00 B3 01 F0 00 
 1784479253.258107 101 08  ... 00 00 00 00 00 00 00 00 
 1784479253.268098 102 08  ... 02 9A 01 00 00 80 03 00 
 1784479253.278106 200 08  ... FF 00 00 00 FA 00 1A FF 
 1784479253.288126 110 08  ... 03 00 00 00 00 00 00 00 
 1784479253.298136 201 08  ... 02 00 00 00 00 00 00 00 
 1784479253.308150 700 08  ... 01 02 00 00 06 00 00 00 
 1784479253.318162 202 08  ... 01 01 01 00 00 00 00 00 
 1784479253.348169 100 08  ... 06 00 00 00 B3 01 F0 00 
 1784479253.358198 101 08  ... 00 00 00 00 00 00 00 00 
 1784479253.368194 102 08  ... 02 9A 01 00 00 80 03 00 
 1784479253.378212 200 08  ... FF 00 00 00 FA 00 1A FF 
 1784479253.388229 110 08  ... 03 00 00 00 00 00 00 00 
 1784479253.398235 201 08  ... 02 00 00 00 00 00 00 00 
 1784479253.408255 700 08  ... 01 02 00 00 06 00 00 00 
 1784479253.418262 202 08  ... 01 01 01 00 00 00 00 00 
 1784479253.448274 100 08  ... 06 00 00 00 B3 01 F0 00 
 1784479253.458299 101 08  ... 00 00 00 00 00 00 00 00 
 1784479253.468296 102 08  ... 02 9A 01 00 00 80 03 00 
 1784479253.477487 200 08  ... FF 00 00 00 FA 00 1A FF 
 1784479253.487497 110 08  ... 03 00 00 00 00 00 00 00 
 1784479253.497511 201 08  ... 02 00 00 00 00 00 00 00 
 1784479253.508359 700 08  ... 01 02 00 00 06 00 00 00 
 1784479253.517540 202 08  ... 01 01 01 00 00 00 00 00 
 1784479253.547551 100 08  ... 06 00 00 00 B3 01 F0 00 
 1784479253.558407 101 08  ... 00 00 00 00 00 00 00 00 
 1784479253.567608 102 08  ... 02 9A 01 00 00 80 03 00 
 1784479253.577593 200 08  ... FF 00 00 00 FA 00 1A FF 
 1784479253.587612 110 08  ... 03 00 00 00 00 00 00 00 
 1784479253.597616 201 08  ... 02 00 00 00 00 00 00 00 
 1784479253.607643 700 08  ... 01 02 00 00 06 00 00 00 
 1784479253.617646 202 08  ... 01 01 01 00 00 00 00 00 
 1784479253.647657 100 08  ... 06 00 00 00 B3 01 F0 00 
 1784479253.657666 101 08  ... 00 00 00 00 00 00 00 00 
 1784479253.667651 102 08  ... 02 9A 01 00 00 80 03 00 
 1784479253.677667 200 08  ... FF 00 00 00 FA 00 1A FF 
 
 